dataset/UKhousing/oxford.csv
"Name","URI","Region GSS code","Period","Sales volume","Reporting period","Average price All property types","Average price Detached houses","Average price Semi-detached houses","Average price Terraced houses","Average price Flats and maisonettes","Pivotable date"
Oxford,http://landregistry.data.gov.uk/id/region/oxford,E07000178,2015-03,147,monthly,358711,704107,438814,349314,248390,2015-03-01
Oxford,http://landregistry.data.gov.uk/id/region/oxford,E07000178,2015-04,148,monthly,361336,710202,441962,352199,249830,2015-04-01
Oxford,http://landregistry.data.gov.uk/id/region/oxford,E07000178,2015-05,125,monthly,367461,721216,450480,358340,253377,2015-05-01
Oxford,http://landregistry.data.gov.uk/id/region/oxford,E07000178,2015-06,141,monthly,373992,733413,458937,365456,256945,2015-06-01
Oxford,http://landregistry.data.gov.uk/id/region/oxford,E07000178,2015-07,197,monthly,391365,766142,480777,382691,268449,2015-07-01
Oxford,http://landregistry.data.gov.uk/id/region/oxford,E07000178,2015-08,172,monthly,395737,775417,486108,387567,270816,2015-08-01
Oxford,http://landregistry.data.gov.uk/id/region/oxford,E07000178,2015-09,182,monthly,398839,785182,489690,389740,273558,2015-09-01
Oxford,http://landregistry.data.gov.uk/id/region/oxford,E07000178,2015-10,159,monthly,388339,767121,477317,379398,265874,2015-10-01
Oxford,http://landregistry.data.gov.uk/id/region/oxford,E07000178,2015-11,121,monthly,388471,768652,477789,378928,266237,2015-11-01
Oxford,http://landregistry.data.gov.uk/id/region/oxford,E07000178,2015-12,129,monthly,387778,766377,477537,378521,265230,2015-12-01
Oxford,http://landregistry.data.gov.uk/id/region/oxford,E07000178,2016-01,126,monthly,394481,778541,486432,384619,269971,2016-01-01
Oxford,http://landregistry.data.gov.uk/id/region/oxford,E07000178,2016-02,114,monthly,393454,777886,485805,383577,268794,2016-02-01
Oxford,http://landregistry.data.gov.uk/id/region/oxford,E07000178,2016-03,272,monthly,406422,805551,501629,396123,277664,2016-03-01
Oxford,http://landregistry.data.gov.uk/id/region/oxford,E07000178,2016-04,71,monthly,396693,784811,488926,387259,270970,2016-04-01
Oxford,http://landregistry.data.gov.uk/id/region/oxford,E07000178,2016-05,67,monthly,389705,765289,478889,380755,267298,2016-05-01
Oxford,http://landregistry.data.gov.uk/id/region/oxford,E07000178,2016-06,99,monthly,384433,750195,471565,375915,264347,2016-06-01
Oxford,http://landregistry.data.gov.uk/id/region/oxford,E07000178,2016-07,125,monthly,402308,784789,492937,393319,277069,2016-07-01
Oxford,http://landregistry.data.gov.uk/id/region/oxford,E07000178,2016-08,146,monthly,419571,821126,514301,410082,288676,2016-08-01
Oxford,http://landregistry.data.gov.uk/id/region/oxford,E07000178,2016-09,104,monthly,419363,821623,515200,409640,287987,2016-09-01
Oxford,http://landregistry.data.gov.uk/id/region/oxford,E07000178,2016-10,128,monthly,416745,818900,512367,405549,287229,2016-10-01
Oxford,http://landregistry.data.gov.uk/id/region/oxford,E07000178,2016-11,117,monthly,413473,815908,508743,401309,285433,2016-11-01
Oxford,http://landregistry.data.gov.uk/id/region/oxford,E07000178,2016-12,120,monthly,409499,809083,503095,396861,283624,2016-12-01
Oxford,http://landregistry.data.gov.uk/id/region/oxford,E07000178,2017-01,104,monthly,412321,814871,506398,400191,285069,2017-01-01
Oxford,http://landregistry.data.gov.uk/id/region/oxford,E07000178,2017-02,88,monthly,405888,800120,497466,393525,281735,2017-02-01
Oxford,http://landregistry.data.gov.uk/id/region/oxford,E07000178,2017-03,87,monthly,410782,809578,502947,397939,285695,2017-03-01
Oxford,http://landregistry.data.gov.uk/id/region/oxford,E07000178,2017-04,95,monthly,407918,803875,498357,394777,284635,2017-04-01
Oxford,http://landregistry.data.gov.uk/id/region/oxford,E07000178,2017-05,78,monthly,412860,810916,504988,399505,288112,2017-05-01
Oxford,http://landregistry.data.gov.uk/id/region/oxford,E07000178,2017-06,120,monthly,411177,803520,502136,398385,287282,2017-06-01
Oxford,http://landregistry.data.gov.uk/id/region/oxford,E07000178,2017-07,160,monthly,413515,804955,505722,400374,289133,2017-07-01
Oxford,http://landregistry.data.gov.uk/id/region/oxford,E07000178,2017-08,138,monthly,415529,810052,507871,403261,289674,2017-08-01
Oxford,http://landregistry.data.gov.uk/id/region/oxford,E07000178,2017-09,124,monthly,419693,821941,514093,407115,291781,2017-09-01
Oxford,http://landregistry.data.gov.uk/id/region/oxford,E07000178,2017-10,102,monthly,420813,827347,516106,408439,291672,2017-10-01
Oxford,http://landregistry.data.gov.uk/id/region/oxford,E07000178,2017-11,77,monthly,417259,820933,512775,404487,289106,2017-11-01
Oxford,http://landregistry.data.gov.uk/id/region/oxford,E07000178,2017-12,112,monthly,409123,803654,503211,396598,283381,2017-12-01
Oxford,http://landregistry.data.gov.uk/id/region/oxford,E07000178,2018-01,92,monthly,395731,775597,486837,383657,274197,2018-01-01
Oxford,http://landregistry.data.gov.uk/id/region/oxford,E07000178,2018-02,82,monthly,396161,778033,487731,384416,273810,2018-02-01
Oxford,http://landregistry.data.gov.uk/id/region/oxford,E07000178,2018-03,111,monthly,396482,778699,488682,385297,273224,2018-03-01
Oxford,http://landregistry.data.gov.uk/id/region/oxford,E07000178,2018-04,97,monthly,399943,785592,493620,389308,274545,2018-04-01
Oxford,http://landregistry.data.gov.uk/id/region/oxford,E07000178,2018-05,104,monthly,403766,792911,498739,393514,276474,2018-05-01
Oxford,http://landregistry.data.gov.uk/id/region/oxford,E07000178,2018-06,110,monthly,411100,808227,508859,399832,281435,2018-06-01
Oxford,http://landregistry.data.gov.uk/id/region/oxford,E07000178,2018-07,129,monthly,414056,817028,512373,402661,283253,2018-07-01
Oxford,http://landregistry.data.gov.uk/id/region/oxford,E07000178,2018-08,143,monthly,424210,837727,525131,412654,289886,2018-08-01
Oxford,http://landregistry.data.gov.uk/id/region/oxford,E07000178,2018-09,109,monthly,426221,843409,527267,415662,290342,2018-09-01
Oxford,http://landregistry.data.gov.uk/id/region/oxford,E07000178,2018-10,116,monthly,421721,834747,522241,410975,287158,2018-10-01
Oxford,http://landregistry.data.gov.uk/id/region/oxford,E07000178,2018-11,111,monthly,405946,806535,503314,395299,275942,2018-11-01
Oxford,http://landregistry.data.gov.uk/id/region/oxford,E07000178,2018-12,119,monthly,403617,801124,501018,391734,275235,2018-12-01
Oxford,http://landregistry.data.gov.uk/id/region/oxford,E07000178,2019-01,93,monthly,409640,814344,508842,397524,279016,2019-01-01
Oxford,http://landregistry.data.gov.uk/id/region/oxford,E07000178,2019-02,78,monthly,410400,815005,509719,397969,279947,2019-02-01
Oxford,http://landregistry.data.gov.uk/id/region/oxford,E07000178,2019-03,87,monthly,408538,810986,507776,397151,277574,2019-03-01
Oxford,http://landregistry.data.gov.uk/id/region/oxford,E07000178,2019-04,86,monthly,399164,790238,495827,389050,270771,2019-04-01
Oxford,http://landregistry.data.gov.uk/id/region/oxford,E07000178,2019-05,91,monthly,401049,791658,498389,392100,271101,2019-05-01
Oxford,http://landregistry.data.gov.uk/id/region/oxford,E07000178,2019-06,103,monthly,389560,767131,483847,381021,263591,2019-06-01
Oxford,http://landregistry.data.gov.uk/id/region/oxford,E07000178,2019-07,129,monthly,398548,783125,495072,389919,269729,2019-07-01
Oxford,http://landregistry.data.gov.uk/id/region/oxford,E07000178,2019-08,116,monthly,407528,800920,506277,399140,275382,2019-08-01
Oxford,http://landregistry.data.gov.uk/id/region/oxford,E07000178,2019-09,108,monthly,417029,821436,517198,409180,281571,2019-09-01
Oxford,http://landregistry.data.gov.uk/id/region/oxford,E07000178,2019-10,112,monthly,414692,818847,515608,406057,279587,2019-10-01
Oxford,http://landregistry.data.gov.uk/id/region/oxford,E07000178,2019-11,119,monthly,420156,832423,523428,410614,282940,2019-11-01
Oxford,http://landregistry.data.gov.uk/id/region/oxford,E07000178,2019-12,93,monthly,420579,835243,525162,410402,282709,2019-12-01
Oxford,http://landregistry.data.gov.uk/id/region/oxford,E07000178,2020-01,92,monthly,428294,850038,534966,418724,287156,2020-01-01
Oxford,http://landregistry.data.gov.uk/id/region/oxford,E07000178,2020-02,82,monthly,406934,809140,508623,398144,272115,2020-02-01
Oxford,http://landregistry.data.gov.uk/id/region/oxford,E07000178,2020-03,80,monthly,404562,805216,506373,395873,269898,2020-03-01
Oxford,http://landregistry.data.gov.uk/id/region/oxford,E07000178,2020-04,44,monthly,392767,789136,491915,385289,260017,2020-04-01
Oxford,http://landregistry.data.gov.uk/id/region/oxford,E07000178,2020-05,41,monthly,392528,789405,491864,384647,259956,2020-05-01
Oxford,http://landregistry.data.gov.uk/id/region/oxford,E07000178,2020-06,67,monthly,390733,784023,490207,383943,257613,2020-06-01
Oxford,http://landregistry.data.gov.uk/id/region/oxford,E07000178,2020-07,92,monthly,398891,793851,499932,391738,264372,2020-07-01
Oxford,http://landregistry.data.gov.uk/id/region/oxford,E07000178,2020-08,97,monthly,424223,843916,531999,418015,279719,2020-08-01
Oxford,http://landregistry.data.gov.uk/id/region/oxford,E07000178,2020-09,115,monthly,428481,855675,537382,422237,282056,2020-09-01
Oxford,http://landregistry.data.gov.uk/id/region/oxford,E07000178,2020-10,127,monthly,433729,868954,544651,428080,284071,2020-10-01
Oxford,http://landregistry.data.gov.uk/id/region/oxford,E07000178,2020-11,130,monthly,429723,861405,539289,424474,281312,2020-11-01
Oxford,http://landregistry.data.gov.uk/id/region/oxford,E07000178,2020-12,115,monthly,437613,877071,549107,432850,286039,2020-12-01
Oxford,http://landregistry.data.gov.uk/id/region/oxford,E07000178,2021-01,116,monthly,433492,869126,543903,428873,283240,2021-01-01
Oxford,http://landregistry.data.gov.uk/id/region/oxford,E07000178,2021-02,141,monthly,433690,870737,544518,429203,282803,2021-02-01
Oxford,http://landregistry.data.gov.uk/id/region/oxford,E07000178,2021-03,215,monthly,435584,875000,547319,431675,283132,2021-03-01
Oxford,http://landregistry.data.gov.uk/id/region/oxford,E07000178,2021-04,106,monthly,440290,886808,552914,436323,286046,2021-04-01
Oxford,http://landregistry.data.gov.uk/id/region/oxford,E07000178,2021-05,101,monthly,445555,900399,559781,441377,288983,2021-05-01
Oxford,http://landregistry.data.gov.uk/id/region/oxford,E07000178,2021-06,285,monthly,451915,913893,567445,448445,292495,2021-06-01
Oxford,http://landregistry.data.gov.uk/id/region/oxford,E07000178,2021-07,25,monthly,449589,915978,565213,444988,290576,2021-07-01
Oxford,http://landregistry.data.gov.uk/id/region/oxford,E07000178,2021-08,46,monthly,449390,922006,567105,444348,288475,2021-08-01
Oxford,http://landregistry.data.gov.uk/id/region/oxford,E07000178,2021-09,69,monthly,465104,960987,588243,458662,297805,2021-09-01
Oxford,http://landregistry.data.gov.uk/id/region/oxford,E07000178,2021-10,,monthly,476203,986982,604403,469592,303062,2021-10-01
Oxford,http://landregistry.data.gov.uk/id/region/oxford,E07000178,2021-11,,monthly,479289,992523,609952,471932,304764,2021-11-01
